> Task :app:preBuild UP-TO-DATE
> Task :app:preDebugBuild UP-TO-DATE
> Task :app:mergeDebugNativeDebugMetadata NO-SOURCE
> Task :app:checkKotlinGradlePluginConfigurationErrors
> Task :app:generateDebugBuildConfig
> Task :core-auth:preBuild UP-TO-DATE
> Task :core-auth:preDebugBuild UP-TO-DATE
> Task :core-auth:writeDebugAarMetadata UP-TO-DATE
> Task :core-model:preBuild UP-TO-DATE
> Task :core-model:preDebugBuild UP-TO-DATE
> Task :core-model:writeDebugAarMetadata UP-TO-DATE
> Task :core-network:preBuild UP-TO-DATE
> Task :core-network:preDebugBuild UP-TO-DATE
> Task :core-network:writeDebugAarMetadata UP-TO-DATE
> Task :feature-agents:preBuild UP-TO-DATE
> Task :feature-agents:preDebugBuild UP-TO-DATE
> Task :feature-agents:writeDebugAarMetadata UP-TO-DATE
> Task :feature-approval:preBuild UP-TO-DATE
> Task :feature-approval:preDebugBuild UP-TO-DATE
> Task :feature-approval:writeDebugAarMetadata UP-TO-DATE
> Task :feature-chat:preBuild UP-TO-DATE
> Task :feature-chat:preDebugBuild UP-TO-DATE
> Task :feature-chat:writeDebugAarMetadata UP-TO-DATE
> Task :feature-inbox:preBuild UP-TO-DATE
> Task :feature-inbox:preDebugBuild UP-TO-DATE
> Task :feature-inbox:writeDebugAarMetadata UP-TO-DATE
> Task :feature-issue-link:preBuild UP-TO-DATE
> Task :feature-issue-link:preDebugBuild UP-TO-DATE
> Task :feature-issue-link:writeDebugAarMetadata UP-TO-DATE
> Task :feature-status:preBuild UP-TO-DATE
> Task :feature-status:preDebugBuild UP-TO-DATE
> Task :feature-status:writeDebugAarMetadata UP-TO-DATE
> Task :app:checkDebugAarMetadata UP-TO-DATE
> Task :app:generateDebugResValues
> Task :core-auth:generateDebugResValues UP-TO-DATE
> Task :core-auth:generateDebugResources UP-TO-DATE
> Task :core-auth:packageDebugResources UP-TO-DATE
> Task :core-model:generateDebugResValues UP-TO-DATE
> Task :core-model:generateDebugResources UP-TO-DATE
> Task :core-model:packageDebugResources UP-TO-DATE
> Task :core-network:generateDebugResValues UP-TO-DATE
> Task :core-network:generateDebugResources UP-TO-DATE
> Task :core-network:packageDebugResources UP-TO-DATE
> Task :feature-agents:generateDebugResValues UP-TO-DATE
> Task :feature-agents:generateDebugResources UP-TO-DATE
> Task :feature-agents:packageDebugResources UP-TO-DATE
> Task :feature-approval:generateDebugResValues UP-TO-DATE
> Task :feature-approval:generateDebugResources UP-TO-DATE
> Task :feature-approval:packageDebugResources UP-TO-DATE
> Task :feature-chat:generateDebugResValues UP-TO-DATE
> Task :feature-chat:generateDebugResources UP-TO-DATE
> Task :feature-chat:packageDebugResources UP-TO-DATE
> Task :feature-inbox:generateDebugResValues UP-TO-DATE
> Task :feature-inbox:generateDebugResources UP-TO-DATE
> Task :feature-inbox:packageDebugResources UP-TO-DATE
> Task :feature-issue-link:generateDebugResValues UP-TO-DATE
> Task :feature-issue-link:generateDebugResources UP-TO-DATE
> Task :feature-issue-link:packageDebugResources UP-TO-DATE
> Task :feature-status:generateDebugResValues UP-TO-DATE
> Task :feature-status:generateDebugResources UP-TO-DATE
> Task :feature-status:packageDebugResources UP-TO-DATE
> Task :app:mapDebugSourceSetPaths
> Task :app:generateDebugResources
> Task :app:packageDebugResources
> Task :app:createDebugCompatibleScreenManifests UP-TO-DATE
> Task :app:extractDeepLinksDebug UP-TO-DATE
> Task :core-auth:extractDeepLinksDebug UP-TO-DATE
> Task :app:parseDebugLocalResources
> Task :core-auth:processDebugManifest UP-TO-DATE
> Task :core-model:extractDeepLinksDebug UP-TO-DATE
> Task :core-model:processDebugManifest UP-TO-DATE
> Task :core-network:extractDeepLinksDebug UP-TO-DATE
> Task :core-network:processDebugManifest UP-TO-DATE
> Task :feature-agents:extractDeepLinksDebug UP-TO-DATE
> Task :feature-agents:processDebugManifest UP-TO-DATE
> Task :feature-approval:extractDeepLinksDebug UP-TO-DATE
> Task :feature-approval:processDebugManifest UP-TO-DATE
> Task :feature-chat:extractDeepLinksDebug UP-TO-DATE
> Task :feature-chat:processDebugManifest UP-TO-DATE
> Task :feature-inbox:extractDeepLinksDebug UP-TO-DATE
> Task :feature-inbox:processDebugManifest UP-TO-DATE
> Task :feature-issue-link:extractDeepLinksDebug UP-TO-DATE
> Task :feature-issue-link:processDebugManifest UP-TO-DATE
> Task :feature-status:extractDeepLinksDebug UP-TO-DATE
> Task :feature-status:processDebugManifest UP-TO-DATE
> Task :app:mergeDebugResources
> Task :app:processDebugMainManifest
> Task :app:processDebugManifest
> Task :core-auth:compileDebugLibraryResources UP-TO-DATE
> Task :app:processDebugManifestForPackage
> Task :core-auth:parseDebugLocalResources UP-TO-DATE
> Task :core-auth:generateDebugRFile UP-TO-DATE
> Task :core-model:compileDebugLibraryResources UP-TO-DATE
> Task :core-model:parseDebugLocalResources UP-TO-DATE
> Task :core-model:generateDebugRFile UP-TO-DATE
> Task :core-network:compileDebugLibraryResources UP-TO-DATE
> Task :core-network:parseDebugLocalResources UP-TO-DATE
> Task :core-network:generateDebugRFile UP-TO-DATE
> Task :feature-agents:compileDebugLibraryResources UP-TO-DATE
> Task :feature-agents:parseDebugLocalResources UP-TO-DATE
> Task :feature-agents:generateDebugRFile UP-TO-DATE
> Task :feature-approval:compileDebugLibraryResources UP-TO-DATE
> Task :feature-approval:parseDebugLocalResources UP-TO-DATE
> Task :feature-approval:generateDebugRFile UP-TO-DATE
> Task :feature-chat:compileDebugLibraryResources UP-TO-DATE
> Task :feature-chat:parseDebugLocalResources UP-TO-DATE
> Task :feature-chat:generateDebugRFile UP-TO-DATE
> Task :feature-inbox:compileDebugLibraryResources UP-TO-DATE
> Task :feature-inbox:parseDebugLocalResources UP-TO-DATE
> Task :feature-inbox:generateDebugRFile UP-TO-DATE
> Task :feature-issue-link:compileDebugLibraryResources UP-TO-DATE
> Task :feature-issue-link:parseDebugLocalResources UP-TO-DATE
> Task :feature-issue-link:generateDebugRFile UP-TO-DATE
> Task :feature-status:compileDebugLibraryResources UP-TO-DATE
> Task :feature-status:parseDebugLocalResources UP-TO-DATE
> Task :feature-status:generateDebugRFile UP-TO-DATE
> Task :core-auth:checkKotlinGradlePluginConfigurationErrors
> Task :core-model:checkKotlinGradlePluginConfigurationErrors
> Task :app:processDebugResources
> Task :core-model:javaPreCompileDebug UP-TO-DATE
> Task :core-network:checkKotlinGradlePluginConfigurationErrors
> Task :core-network:javaPreCompileDebug UP-TO-DATE
> Task :core-auth:javaPreCompileDebug UP-TO-DATE
> Task :feature-agents:checkKotlinGradlePluginConfigurationErrors
> Task :feature-agents:javaPreCompileDebug UP-TO-DATE
> Task :feature-approval:checkKotlinGradlePluginConfigurationErrors
> Task :feature-approval:javaPreCompileDebug UP-TO-DATE
> Task :feature-chat:checkKotlinGradlePluginConfigurationErrors
> Task :feature-chat:javaPreCompileDebug UP-TO-DATE
> Task :feature-inbox:checkKotlinGradlePluginConfigurationErrors
> Task :feature-inbox:javaPreCompileDebug UP-TO-DATE
> Task :feature-issue-link:checkKotlinGradlePluginConfigurationErrors
> Task :feature-issue-link:javaPreCompileDebug UP-TO-DATE
> Task :feature-status:checkKotlinGradlePluginConfigurationErrors
> Task :feature-status:javaPreCompileDebug UP-TO-DATE
> Task :app:javaPreCompileDebug UP-TO-DATE
> Task :app:mergeDebugShaders UP-TO-DATE
> Task :app:compileDebugShaders NO-SOURCE
> Task :app:generateDebugAssets UP-TO-DATE
> Task :core-auth:mergeDebugShaders UP-TO-DATE
> Task :core-auth:compileDebugShaders NO-SOURCE
> Task :core-auth:generateDebugAssets UP-TO-DATE
> Task :core-auth:packageDebugAssets UP-TO-DATE
> Task :core-model:mergeDebugShaders UP-TO-DATE
> Task :core-model:compileDebugShaders NO-SOURCE
> Task :core-model:generateDebugAssets UP-TO-DATE
> Task :core-model:packageDebugAssets UP-TO-DATE
> Task :core-network:mergeDebugShaders UP-TO-DATE
> Task :core-network:compileDebugShaders NO-SOURCE
> Task :core-network:generateDebugAssets UP-TO-DATE
> Task :core-network:packageDebugAssets UP-TO-DATE
> Task :feature-agents:mergeDebugShaders UP-TO-DATE
> Task :feature-agents:compileDebugShaders NO-SOURCE
> Task :feature-agents:generateDebugAssets UP-TO-DATE
> Task :feature-agents:packageDebugAssets UP-TO-DATE
> Task :feature-approval:mergeDebugShaders UP-TO-DATE
> Task :feature-approval:compileDebugShaders NO-SOURCE
> Task :feature-approval:generateDebugAssets UP-TO-DATE
> Task :feature-approval:packageDebugAssets UP-TO-DATE
> Task :feature-chat:mergeDebugShaders UP-TO-DATE
> Task :feature-chat:compileDebugShaders NO-SOURCE
> Task :feature-chat:generateDebugAssets UP-TO-DATE
> Task :feature-chat:packageDebugAssets UP-TO-DATE
> Task :feature-inbox:mergeDebugShaders UP-TO-DATE
> Task :feature-inbox:compileDebugShaders NO-SOURCE
> Task :feature-inbox:generateDebugAssets UP-TO-DATE
> Task :feature-inbox:packageDebugAssets UP-TO-DATE
> Task :feature-issue-link:mergeDebugShaders UP-TO-DATE
> Task :feature-issue-link:compileDebugShaders NO-SOURCE
> Task :feature-issue-link:generateDebugAssets UP-TO-DATE
> Task :feature-issue-link:packageDebugAssets UP-TO-DATE
> Task :feature-status:mergeDebugShaders UP-TO-DATE
> Task :feature-status:compileDebugShaders NO-SOURCE
> Task :feature-status:generateDebugAssets UP-TO-DATE
> Task :feature-status:packageDebugAssets UP-TO-DATE
> Task :app:mergeDebugAssets UP-TO-DATE
> Task :app:compressDebugAssets UP-TO-DATE
> Task :app:desugarDebugFileDependencies UP-TO-DATE
> Task :app:checkDebugDuplicateClasses UP-TO-DATE
> Task :app:mergeExtDexDebug UP-TO-DATE
> Task :app:mergeDebugJniLibFolders UP-TO-DATE
> Task :core-auth:mergeDebugJniLibFolders UP-TO-DATE
> Task :core-auth:mergeDebugNativeLibs NO-SOURCE
> Task :core-auth:copyDebugJniLibsProjectOnly UP-TO-DATE
> Task :core-model:mergeDebugJniLibFolders UP-TO-DATE
> Task :core-model:mergeDebugNativeLibs NO-SOURCE
> Task :core-model:copyDebugJniLibsProjectOnly UP-TO-DATE
> Task :core-network:mergeDebugJniLibFolders UP-TO-DATE
> Task :core-network:mergeDebugNativeLibs NO-SOURCE
> Task :core-network:copyDebugJniLibsProjectOnly UP-TO-DATE
> Task :feature-agents:mergeDebugJniLibFolders UP-TO-DATE
> Task :feature-agents:mergeDebugNativeLibs NO-SOURCE
> Task :feature-agents:copyDebugJniLibsProjectOnly UP-TO-DATE
> Task :feature-approval:mergeDebugJniLibFolders UP-TO-DATE
> Task :feature-approval:mergeDebugNativeLibs NO-SOURCE
> Task :feature-approval:copyDebugJniLibsProjectOnly UP-TO-DATE
> Task :feature-chat:mergeDebugJniLibFolders UP-TO-DATE
> Task :feature-chat:mergeDebugNativeLibs NO-SOURCE
> Task :feature-chat:copyDebugJniLibsProjectOnly UP-TO-DATE
> Task :feature-inbox:mergeDebugJniLibFolders UP-TO-DATE
> Task :feature-inbox:mergeDebugNativeLibs NO-SOURCE
> Task :feature-inbox:copyDebugJniLibsProjectOnly UP-TO-DATE
> Task :feature-issue-link:mergeDebugJniLibFolders UP-TO-DATE
> Task :feature-issue-link:mergeDebugNativeLibs NO-SOURCE
> Task :feature-issue-link:copyDebugJniLibsProjectOnly UP-TO-DATE
> Task :feature-status:mergeDebugJniLibFolders UP-TO-DATE
> Task :feature-status:mergeDebugNativeLibs NO-SOURCE
> Task :feature-status:copyDebugJniLibsProjectOnly UP-TO-DATE
> Task :app:mergeDebugNativeLibs UP-TO-DATE
> Task :app:stripDebugDebugSymbols UP-TO-DATE
> Task :app:validateSigningDebug UP-TO-DATE
> Task :app:writeDebugAppMetadata UP-TO-DATE
> Task :app:writeDebugSigningConfigVersions UP-TO-DATE
> Task :app:preDebugUnitTestBuild UP-TO-DATE
> Task :app:javaPreCompileDebugUnitTest UP-TO-DATE
> Task :app:preReleaseBuild UP-TO-DATE
> Task :app:buildKotlinToolingMetadata UP-TO-DATE
> Task :app:generateReleaseBuildConfig
> Task :core-auth:preReleaseBuild UP-TO-DATE
> Task :core-auth:writeReleaseAarMetadata UP-TO-DATE
> Task :core-model:preReleaseBuild UP-TO-DATE
> Task :core-model:writeReleaseAarMetadata UP-TO-DATE
> Task :core-network:preReleaseBuild UP-TO-DATE
> Task :core-network:writeReleaseAarMetadata UP-TO-DATE
> Task :feature-agents:preReleaseBuild UP-TO-DATE
> Task :feature-agents:writeReleaseAarMetadata UP-TO-DATE
> Task :feature-approval:preReleaseBuild UP-TO-DATE
> Task :feature-approval:writeReleaseAarMetadata UP-TO-DATE
> Task :feature-chat:preReleaseBuild UP-TO-DATE
> Task :feature-chat:writeReleaseAarMetadata UP-TO-DATE
> Task :feature-inbox:preReleaseBuild UP-TO-DATE
> Task :feature-inbox:writeReleaseAarMetadata UP-TO-DATE
> Task :feature-issue-link:preReleaseBuild UP-TO-DATE
> Task :feature-issue-link:writeReleaseAarMetadata UP-TO-DATE
> Task :feature-status:preReleaseBuild UP-TO-DATE
> Task :feature-status:writeReleaseAarMetadata UP-TO-DATE
> Task :app:checkReleaseAarMetadata UP-TO-DATE
> Task :app:generateReleaseResValues
> Task :core-auth:generateReleaseResValues UP-TO-DATE
> Task :core-auth:generateReleaseResources UP-TO-DATE
> Task :core-auth:packageReleaseResources UP-TO-DATE
> Task :core-model:generateReleaseResValues UP-TO-DATE
> Task :core-model:generateReleaseResources UP-TO-DATE
> Task :core-model:packageReleaseResources UP-TO-DATE
> Task :core-network:generateReleaseResValues UP-TO-DATE
> Task :core-network:generateReleaseResources UP-TO-DATE
> Task :core-network:packageReleaseResources UP-TO-DATE
> Task :feature-agents:generateReleaseResValues UP-TO-DATE
> Task :feature-agents:generateReleaseResources UP-TO-DATE
> Task :feature-agents:packageReleaseResources UP-TO-DATE
> Task :feature-approval:generateReleaseResValues UP-TO-DATE
> Task :feature-approval:generateReleaseResources UP-TO-DATE
> Task :feature-approval:packageReleaseResources UP-TO-DATE
> Task :feature-chat:generateReleaseResValues UP-TO-DATE
> Task :feature-chat:generateReleaseResources UP-TO-DATE
> Task :feature-chat:packageReleaseResources UP-TO-DATE
> Task :feature-inbox:generateReleaseResValues UP-TO-DATE
> Task :feature-inbox:generateReleaseResources UP-TO-DATE
> Task :feature-inbox:packageReleaseResources UP-TO-DATE
> Task :feature-issue-link:generateReleaseResValues UP-TO-DATE
> Task :feature-issue-link:generateReleaseResources UP-TO-DATE
> Task :feature-issue-link:packageReleaseResources UP-TO-DATE
> Task :feature-status:generateReleaseResValues UP-TO-DATE
> Task :feature-status:generateReleaseResources UP-TO-DATE
> Task :feature-status:packageReleaseResources UP-TO-DATE
> Task :app:mapReleaseSourceSetPaths UP-TO-DATE
> Task :app:generateReleaseResources UP-TO-DATE
> Task :app:packageReleaseResources
> Task :app:createReleaseCompatibleScreenManifests UP-TO-DATE
> Task :app:extractDeepLinksRelease UP-TO-DATE
> Task :core-auth:extractDeepLinksRelease UP-TO-DATE
> Task :core-auth:processReleaseManifest UP-TO-DATE
> Task :core-model:extractDeepLinksRelease UP-TO-DATE
> Task :core-model:processReleaseManifest UP-TO-DATE
> Task :app:parseReleaseLocalResources
> Task :core-network:extractDeepLinksRelease UP-TO-DATE
> Task :core-network:processReleaseManifest UP-TO-DATE
> Task :feature-agents:extractDeepLinksRelease UP-TO-DATE
> Task :feature-agents:processReleaseManifest UP-TO-DATE
> Task :feature-approval:extractDeepLinksRelease UP-TO-DATE
> Task :core-model:compileDebugKotlin
> Task :feature-approval:processReleaseManifest UP-TO-DATE
> Task :core-model:compileDebugJavaWithJavac NO-SOURCE
> Task :core-model:processDebugJavaRes
> Task :core-model:bundleLibRuntimeToDirDebug
> Task :app:mergeReleaseResources
> Task :feature-chat:extractDeepLinksRelease UP-TO-DATE
> Task :feature-chat:processReleaseManifest UP-TO-DATE
> Task :feature-inbox:extractDeepLinksRelease UP-TO-DATE
> Task :feature-inbox:processReleaseManifest UP-TO-DATE
> Task :feature-issue-link:extractDeepLinksRelease UP-TO-DATE
> Task :feature-issue-link:processReleaseManifest UP-TO-DATE
> Task :core-model:bundleLibRuntimeToJarDebug
> Task :feature-status:extractDeepLinksRelease UP-TO-DATE
> Task :core-model:bundleLibCompileToJarDebug
> Task :feature-status:processReleaseManifest UP-TO-DATE
> Task :feature-agents:compileDebugKotlin NO-SOURCE
> Task :feature-agents:compileDebugJavaWithJavac NO-SOURCE
> Task :feature-agents:bundleLibCompileToJarDebug UP-TO-DATE
> Task :feature-approval:compileDebugKotlin NO-SOURCE
> Task :feature-approval:compileDebugJavaWithJavac NO-SOURCE
> Task :feature-approval:bundleLibCompileToJarDebug UP-TO-DATE
> Task :feature-inbox:compileDebugKotlin NO-SOURCE
> Task :feature-inbox:compileDebugJavaWithJavac NO-SOURCE
> Task :feature-inbox:bundleLibCompileToJarDebug UP-TO-DATE
> Task :feature-issue-link:compileDebugKotlin NO-SOURCE
> Task :feature-issue-link:compileDebugJavaWithJavac NO-SOURCE
> Task :feature-issue-link:bundleLibCompileToJarDebug UP-TO-DATE
> Task :feature-status:compileDebugKotlin NO-SOURCE
> Task :feature-status:compileDebugJavaWithJavac NO-SOURCE
> Task :feature-status:bundleLibCompileToJarDebug UP-TO-DATE
> Task :feature-status:bundleLibRuntimeToJarDebug UP-TO-DATE
> Task :feature-approval:bundleLibRuntimeToJarDebug UP-TO-DATE
> Task :feature-inbox:bundleLibRuntimeToJarDebug UP-TO-DATE
> Task :feature-agents:bundleLibRuntimeToJarDebug UP-TO-DATE
> Task :feature-issue-link:bundleLibRuntimeToJarDebug UP-TO-DATE
> Task :feature-agents:processDebugJavaRes NO-SOURCE
> Task :feature-approval:processDebugJavaRes NO-SOURCE
> Task :feature-inbox:processDebugJavaRes NO-SOURCE
> Task :feature-issue-link:processDebugJavaRes NO-SOURCE
> Task :feature-status:processDebugJavaRes NO-SOURCE
> Task :feature-status:bundleLibRuntimeToDirDebug UP-TO-DATE
> Task :feature-approval:bundleLibRuntimeToDirDebug UP-TO-DATE
> Task :feature-inbox:bundleLibRuntimeToDirDebug UP-TO-DATE
> Task :feature-agents:bundleLibRuntimeToDirDebug UP-TO-DATE
> Task :feature-issue-link:bundleLibRuntimeToDirDebug UP-TO-DATE
> Task :app:processReleaseMainManifest
> Task :app:processReleaseManifest
> Task :core-auth:compileReleaseLibraryResources UP-TO-DATE
> Task :core-auth:parseReleaseLocalResources UP-TO-DATE
> Task :core-auth:generateReleaseRFile UP-TO-DATE
> Task :core-model:compileReleaseLibraryResources UP-TO-DATE
> Task :core-model:parseReleaseLocalResources UP-TO-DATE
> Task :core-model:generateReleaseRFile UP-TO-DATE
> Task :core-network:compileReleaseLibraryResources UP-TO-DATE
> Task :core-network:parseReleaseLocalResources UP-TO-DATE
> Task :core-network:generateReleaseRFile UP-TO-DATE
> Task :feature-agents:compileReleaseLibraryResources UP-TO-DATE
> Task :feature-agents:parseReleaseLocalResources UP-TO-DATE
> Task :feature-agents:generateReleaseRFile UP-TO-DATE
> Task :feature-approval:compileReleaseLibraryResources UP-TO-DATE
> Task :feature-approval:parseReleaseLocalResources UP-TO-DATE
> Task :feature-approval:generateReleaseRFile UP-TO-DATE
> Task :feature-chat:compileReleaseLibraryResources UP-TO-DATE
> Task :feature-chat:parseReleaseLocalResources UP-TO-DATE
> Task :feature-chat:generateReleaseRFile UP-TO-DATE
> Task :feature-inbox:compileReleaseLibraryResources UP-TO-DATE
> Task :feature-inbox:parseReleaseLocalResources UP-TO-DATE
> Task :feature-inbox:generateReleaseRFile UP-TO-DATE
> Task :feature-issue-link:compileReleaseLibraryResources UP-TO-DATE
> Task :feature-issue-link:parseReleaseLocalResources UP-TO-DATE
> Task :feature-issue-link:generateReleaseRFile UP-TO-DATE
> Task :feature-status:compileReleaseLibraryResources UP-TO-DATE
> Task :feature-status:parseReleaseLocalResources UP-TO-DATE
> Task :feature-status:generateReleaseRFile UP-TO-DATE
> Task :core-model:javaPreCompileRelease UP-TO-DATE
> Task :core-network:javaPreCompileRelease UP-TO-DATE
> Task :core-auth:javaPreCompileRelease UP-TO-DATE
> Task :feature-agents:javaPreCompileRelease UP-TO-DATE
> Task :feature-approval:javaPreCompileRelease UP-TO-DATE
> Task :feature-chat:javaPreCompileRelease UP-TO-DATE
> Task :feature-inbox:javaPreCompileRelease UP-TO-DATE
> Task :feature-issue-link:javaPreCompileRelease UP-TO-DATE
> Task :feature-status:javaPreCompileRelease UP-TO-DATE
> Task :app:javaPreCompileRelease UP-TO-DATE
> Task :app:preReleaseUnitTestBuild UP-TO-DATE
> Task :app:javaPreCompileReleaseUnitTest UP-TO-DATE
> Task :core-auth:preDebugUnitTestBuild UP-TO-DATE
> Task :core-auth:generateDebugUnitTestStubRFile UP-TO-DATE
> Task :core-auth:javaPreCompileDebugUnitTest UP-TO-DATE
> Task :core-auth:preReleaseUnitTestBuild UP-TO-DATE
> Task :core-auth:generateReleaseUnitTestStubRFile UP-TO-DATE
> Task :core-auth:javaPreCompileReleaseUnitTest UP-TO-DATE
> Task :core-model:preDebugUnitTestBuild UP-TO-DATE
> Task :core-model:generateDebugUnitTestStubRFile UP-TO-DATE
> Task :core-model:compileDebugUnitTestKotlin NO-SOURCE
> Task :core-model:javaPreCompileDebugUnitTest UP-TO-DATE
> Task :core-model:compileDebugUnitTestJavaWithJavac NO-SOURCE
> Task :core-model:processDebugUnitTestJavaRes NO-SOURCE
> Task :core-model:testDebugUnitTest NO-SOURCE
> Task :core-model:preReleaseUnitTestBuild UP-TO-DATE
> Task :core-model:generateReleaseUnitTestStubRFile UP-TO-DATE
> Task :core-model:javaPreCompileReleaseUnitTest UP-TO-DATE
> Task :core-network:preDebugUnitTestBuild UP-TO-DATE
> Task :core-network:generateDebugUnitTestStubRFile UP-TO-DATE
> Task :core-network:javaPreCompileDebugUnitTest UP-TO-DATE
> Task :core-network:preReleaseUnitTestBuild UP-TO-DATE
> Task :core-network:generateReleaseUnitTestStubRFile UP-TO-DATE
> Task :core-network:javaPreCompileReleaseUnitTest UP-TO-DATE
> Task :feature-agents:preDebugUnitTestBuild UP-TO-DATE
> Task :feature-agents:generateDebugUnitTestStubRFile UP-TO-DATE
> Task :feature-agents:compileDebugUnitTestKotlin NO-SOURCE
> Task :feature-agents:javaPreCompileDebugUnitTest UP-TO-DATE
> Task :feature-agents:compileDebugUnitTestJavaWithJavac NO-SOURCE
> Task :feature-agents:processDebugUnitTestJavaRes NO-SOURCE
> Task :feature-agents:testDebugUnitTest NO-SOURCE
> Task :feature-agents:preReleaseUnitTestBuild UP-TO-DATE
> Task :feature-agents:generateReleaseUnitTestStubRFile UP-TO-DATE
> Task :feature-agents:javaPreCompileReleaseUnitTest UP-TO-DATE
> Task :feature-approval:preDebugUnitTestBuild UP-TO-DATE
> Task :feature-approval:generateDebugUnitTestStubRFile UP-TO-DATE
> Task :app:processReleaseManifestForPackage
> Task :feature-approval:compileDebugUnitTestKotlin NO-SOURCE
> Task :feature-approval:javaPreCompileDebugUnitTest UP-TO-DATE
> Task :feature-approval:compileDebugUnitTestJavaWithJavac NO-SOURCE
> Task :feature-approval:processDebugUnitTestJavaRes NO-SOURCE
> Task :feature-approval:testDebugUnitTest NO-SOURCE
> Task :feature-approval:preReleaseUnitTestBuild UP-TO-DATE
> Task :feature-approval:generateReleaseUnitTestStubRFile UP-TO-DATE
> Task :feature-approval:javaPreCompileReleaseUnitTest UP-TO-DATE
> Task :feature-chat:preDebugUnitTestBuild UP-TO-DATE
> Task :feature-chat:generateDebugUnitTestStubRFile UP-TO-DATE
> Task :feature-chat:javaPreCompileDebugUnitTest UP-TO-DATE
> Task :feature-chat:preReleaseUnitTestBuild UP-TO-DATE
> Task :feature-chat:generateReleaseUnitTestStubRFile UP-TO-DATE
> Task :feature-chat:javaPreCompileReleaseUnitTest UP-TO-DATE
> Task :feature-inbox:preDebugUnitTestBuild UP-TO-DATE
> Task :feature-inbox:generateDebugUnitTestStubRFile UP-TO-DATE
> Task :feature-inbox:compileDebugUnitTestKotlin NO-SOURCE
> Task :feature-inbox:javaPreCompileDebugUnitTest UP-TO-DATE
> Task :feature-inbox:compileDebugUnitTestJavaWithJavac NO-SOURCE
> Task :feature-inbox:processDebugUnitTestJavaRes NO-SOURCE
> Task :feature-inbox:testDebugUnitTest NO-SOURCE
> Task :feature-inbox:preReleaseUnitTestBuild UP-TO-DATE
> Task :feature-inbox:generateReleaseUnitTestStubRFile UP-TO-DATE
> Task :feature-inbox:javaPreCompileReleaseUnitTest UP-TO-DATE
> Task :feature-issue-link:preDebugUnitTestBuild UP-TO-DATE
> Task :feature-issue-link:generateDebugUnitTestStubRFile UP-TO-DATE
> Task :feature-issue-link:compileDebugUnitTestKotlin NO-SOURCE
> Task :feature-issue-link:javaPreCompileDebugUnitTest UP-TO-DATE
> Task :feature-issue-link:compileDebugUnitTestJavaWithJavac NO-SOURCE
> Task :feature-issue-link:processDebugUnitTestJavaRes NO-SOURCE
> Task :feature-issue-link:testDebugUnitTest NO-SOURCE
> Task :feature-issue-link:preReleaseUnitTestBuild UP-TO-DATE
> Task :feature-issue-link:generateReleaseUnitTestStubRFile UP-TO-DATE
> Task :feature-issue-link:javaPreCompileReleaseUnitTest UP-TO-DATE
> Task :feature-status:preDebugUnitTestBuild UP-TO-DATE
> Task :feature-status:generateDebugUnitTestStubRFile UP-TO-DATE
> Task :feature-status:compileDebugUnitTestKotlin NO-SOURCE
> Task :feature-status:javaPreCompileDebugUnitTest UP-TO-DATE
> Task :feature-status:compileDebugUnitTestJavaWithJavac NO-SOURCE
> Task :feature-status:processDebugUnitTestJavaRes NO-SOURCE
> Task :feature-status:testDebugUnitTest NO-SOURCE
> Task :feature-status:preReleaseUnitTestBuild UP-TO-DATE
> Task :feature-status:generateReleaseUnitTestStubRFile UP-TO-DATE
> Task :feature-status:javaPreCompileReleaseUnitTest UP-TO-DATE
> Task :core-auth:stripDebugDebugSymbols NO-SOURCE
> Task :core-auth:copyDebugJniLibsProjectAndLocalJars UP-TO-DATE
> Task :core-auth:extractDeepLinksForAarDebug UP-TO-DATE
> Task :core-auth:prepareDebugArtProfile UP-TO-DATE
> Task :core-auth:prepareLintJarForPublish UP-TO-DATE
> Task :core-network:stripDebugDebugSymbols NO-SOURCE
> Task :core-network:copyDebugJniLibsProjectAndLocalJars UP-TO-DATE
> Task :core-network:extractDeepLinksForAarDebug UP-TO-DATE
> Task :core-network:prepareDebugArtProfile UP-TO-DATE
> Task :core-network:prepareLintJarForPublish UP-TO-DATE
> Task :core-model:stripDebugDebugSymbols NO-SOURCE
> Task :core-model:copyDebugJniLibsProjectAndLocalJars UP-TO-DATE
> Task :core-model:extractDebugAnnotations
> Task :core-model:extractDeepLinksForAarDebug UP-TO-DATE
> Task :core-model:mergeDebugGeneratedProguardFiles UP-TO-DATE
> Task :core-model:mergeDebugConsumerProguardFiles UP-TO-DATE
> Task :core-model:prepareDebugArtProfile UP-TO-DATE
> Task :core-model:prepareLintJarForPublish UP-TO-DATE
> Task :core-model:mergeDebugJavaResource
> Task :core-model:syncDebugLibJars
> Task :core-model:bundleDebugLocalLintAar
> Task :feature-chat:stripDebugDebugSymbols NO-SOURCE
> Task :feature-chat:copyDebugJniLibsProjectAndLocalJars UP-TO-DATE
> Task :feature-chat:extractDeepLinksForAarDebug UP-TO-DATE
> Task :feature-chat:prepareDebugArtProfile UP-TO-DATE
> Task :feature-chat:prepareLintJarForPublish UP-TO-DATE
> Task :feature-status:stripDebugDebugSymbols NO-SOURCE
> Task :feature-status:copyDebugJniLibsProjectAndLocalJars UP-TO-DATE
> Task :feature-status:extractDebugAnnotations
> Task :feature-status:extractDeepLinksForAarDebug UP-TO-DATE
> Task :feature-status:mergeDebugGeneratedProguardFiles UP-TO-DATE
> Task :feature-status:mergeDebugConsumerProguardFiles UP-TO-DATE
> Task :feature-status:prepareDebugArtProfile UP-TO-DATE
> Task :feature-status:prepareLintJarForPublish UP-TO-DATE
> Task :feature-status:mergeDebugJavaResource UP-TO-DATE
> Task :feature-status:syncDebugLibJars UP-TO-DATE
> Task :feature-status:bundleDebugLocalLintAar UP-TO-DATE
> Task :feature-approval:stripDebugDebugSymbols NO-SOURCE
> Task :feature-approval:copyDebugJniLibsProjectAndLocalJars UP-TO-DATE
> Task :feature-approval:extractDebugAnnotations
> Task :feature-approval:extractDeepLinksForAarDebug UP-TO-DATE
> Task :feature-approval:mergeDebugGeneratedProguardFiles UP-TO-DATE
> Task :feature-approval:mergeDebugConsumerProguardFiles UP-TO-DATE
> Task :feature-approval:prepareDebugArtProfile UP-TO-DATE
> Task :feature-approval:prepareLintJarForPublish UP-TO-DATE
> Task :feature-approval:mergeDebugJavaResource UP-TO-DATE
> Task :app:processReleaseResources
> Task :feature-approval:syncDebugLibJars UP-TO-DATE
> Task :feature-approval:bundleDebugLocalLintAar UP-TO-DATE
> Task :feature-inbox:stripDebugDebugSymbols NO-SOURCE
> Task :feature-inbox:copyDebugJniLibsProjectAndLocalJars UP-TO-DATE
> Task :feature-inbox:extractDebugAnnotations
> Task :feature-inbox:extractDeepLinksForAarDebug UP-TO-DATE
> Task :feature-inbox:mergeDebugGeneratedProguardFiles UP-TO-DATE
> Task :feature-inbox:mergeDebugConsumerProguardFiles UP-TO-DATE
> Task :feature-inbox:prepareDebugArtProfile UP-TO-DATE
> Task :feature-inbox:prepareLintJarForPublish UP-TO-DATE
> Task :feature-inbox:mergeDebugJavaResource UP-TO-DATE
> Task :feature-inbox:syncDebugLibJars UP-TO-DATE
> Task :feature-inbox:bundleDebugLocalLintAar UP-TO-DATE
> Task :feature-agents:stripDebugDebugSymbols NO-SOURCE
> Task :feature-agents:copyDebugJniLibsProjectAndLocalJars UP-TO-DATE
> Task :feature-agents:extractDebugAnnotations
> Task :feature-agents:extractDeepLinksForAarDebug UP-TO-DATE
> Task :feature-agents:mergeDebugGeneratedProguardFiles UP-TO-DATE
> Task :feature-agents:mergeDebugConsumerProguardFiles UP-TO-DATE
> Task :feature-agents:prepareDebugArtProfile UP-TO-DATE
> Task :feature-agents:prepareLintJarForPublish UP-TO-DATE
> Task :feature-agents:mergeDebugJavaResource UP-TO-DATE
> Task :feature-agents:syncDebugLibJars UP-TO-DATE
> Task :feature-agents:bundleDebugLocalLintAar UP-TO-DATE
> Task :feature-issue-link:stripDebugDebugSymbols NO-SOURCE
> Task :feature-issue-link:copyDebugJniLibsProjectAndLocalJars UP-TO-DATE
> Task :feature-issue-link:extractDebugAnnotations
> Task :feature-issue-link:extractDeepLinksForAarDebug UP-TO-DATE
> Task :feature-issue-link:mergeDebugGeneratedProguardFiles UP-TO-DATE
> Task :feature-issue-link:mergeDebugConsumerProguardFiles UP-TO-DATE
> Task :feature-issue-link:prepareDebugArtProfile UP-TO-DATE
> Task :feature-issue-link:prepareLintJarForPublish UP-TO-DATE
> Task :feature-issue-link:mergeDebugJavaResource UP-TO-DATE
> Task :feature-issue-link:syncDebugLibJars UP-TO-DATE
> Task :feature-issue-link:bundleDebugLocalLintAar UP-TO-DATE
> Task :app:preDebugAndroidTestBuild SKIPPED
> Task :app:generateDebugAndroidTestResValues
> Task :core-auth:writeDebugLintModelMetadata UP-TO-DATE
> Task :core-model:createFullJarDebug
> Task :core-model:writeDebugLintModelMetadata UP-TO-DATE
> Task :core-network:writeDebugLintModelMetadata UP-TO-DATE
> Task :feature-agents:createFullJarDebug UP-TO-DATE
> Task :feature-agents:writeDebugLintModelMetadata UP-TO-DATE
> Task :feature-approval:createFullJarDebug UP-TO-DATE
> Task :core-network:compileDebugKotlin
> Task :feature-approval:writeDebugLintModelMetadata UP-TO-DATE
> Task :core-network:compileDebugJavaWithJavac NO-SOURCE
> Task :core-network:bundleLibCompileToJarDebug
> Task :core-network:bundleLibRuntimeToJarDebug
> Task :core-network:processDebugJavaRes
> Task :core-model:compileReleaseKotlin
> Task :feature-chat:compileDebugKotlin NO-SOURCE
> Task :feature-chat:compileDebugJavaWithJavac NO-SOURCE
> Task :feature-chat:bundleLibCompileToJarDebug UP-TO-DATE
> Task :feature-chat:bundleLibRuntimeToJarDebug UP-TO-DATE
> Task :feature-chat:processDebugJavaRes NO-SOURCE
> Task :feature-chat:bundleLibRuntimeToDirDebug UP-TO-DATE
> Task :core-model:compileReleaseJavaWithJavac NO-SOURCE
> Task :core-network:bundleLibRuntimeToDirDebug
> Task :core-model:bundleLibRuntimeToJarRelease
> Task :core-model:bundleLibCompileToJarRelease
> Task :feature-agents:compileReleaseKotlin NO-SOURCE
> Task :feature-agents:compileReleaseJavaWithJavac NO-SOURCE
> Task :feature-agents:bundleLibCompileToJarRelease UP-TO-DATE
> Task :feature-approval:compileReleaseKotlin NO-SOURCE
> Task :feature-approval:compileReleaseJavaWithJavac NO-SOURCE
> Task :feature-approval:bundleLibCompileToJarRelease UP-TO-DATE
> Task :feature-inbox:compileReleaseKotlin NO-SOURCE
> Task :feature-inbox:compileReleaseJavaWithJavac NO-SOURCE
> Task :feature-inbox:bundleLibCompileToJarRelease UP-TO-DATE
> Task :feature-issue-link:compileReleaseKotlin NO-SOURCE
> Task :feature-issue-link:compileReleaseJavaWithJavac NO-SOURCE
> Task :feature-issue-link:bundleLibCompileToJarRelease UP-TO-DATE
> Task :feature-status:compileReleaseKotlin NO-SOURCE
> Task :feature-status:compileReleaseJavaWithJavac NO-SOURCE
> Task :feature-status:bundleLibCompileToJarRelease UP-TO-DATE
> Task :feature-status:bundleLibRuntimeToJarRelease UP-TO-DATE
> Task :feature-approval:bundleLibRuntimeToJarRelease UP-TO-DATE
> Task :feature-inbox:bundleLibRuntimeToJarRelease UP-TO-DATE
> Task :feature-agents:bundleLibRuntimeToJarRelease UP-TO-DATE
> Task :feature-issue-link:bundleLibRuntimeToJarRelease UP-TO-DATE
> Task :core-model:processReleaseJavaRes
> Task :feature-agents:processReleaseJavaRes NO-SOURCE
> Task :feature-approval:processReleaseJavaRes NO-SOURCE
> Task :feature-inbox:processReleaseJavaRes NO-SOURCE
> Task :feature-issue-link:processReleaseJavaRes NO-SOURCE
> Task :feature-status:processReleaseJavaRes NO-SOURCE
> Task :core-model:compileReleaseUnitTestKotlin NO-SOURCE
> Task :core-model:compileReleaseUnitTestJavaWithJavac NO-SOURCE
> Task :core-model:processReleaseUnitTestJavaRes NO-SOURCE
> Task :core-model:testReleaseUnitTest NO-SOURCE
> Task :core-model:test UP-TO-DATE
> Task :feature-agents:compileReleaseUnitTestKotlin NO-SOURCE
> Task :feature-agents:compileReleaseUnitTestJavaWithJavac NO-SOURCE
> Task :feature-agents:processReleaseUnitTestJavaRes NO-SOURCE
> Task :feature-agents:testReleaseUnitTest NO-SOURCE
> Task :feature-agents:test UP-TO-DATE
> Task :feature-approval:compileReleaseUnitTestKotlin NO-SOURCE
> Task :feature-approval:compileReleaseUnitTestJavaWithJavac NO-SOURCE
> Task :feature-approval:processReleaseUnitTestJavaRes NO-SOURCE
> Task :feature-approval:testReleaseUnitTest NO-SOURCE
> Task :feature-approval:test UP-TO-DATE
> Task :feature-chat:compileDebugUnitTestKotlin NO-SOURCE
> Task :feature-chat:compileDebugUnitTestJavaWithJavac NO-SOURCE
> Task :feature-chat:processDebugUnitTestJavaRes NO-SOURCE
> Task :feature-chat:testDebugUnitTest NO-SOURCE
> Task :feature-inbox:compileReleaseUnitTestKotlin NO-SOURCE
> Task :feature-inbox:compileReleaseUnitTestJavaWithJavac NO-SOURCE
> Task :feature-inbox:processReleaseUnitTestJavaRes NO-SOURCE
> Task :feature-inbox:testReleaseUnitTest NO-SOURCE
> Task :feature-inbox:test UP-TO-DATE
> Task :feature-issue-link:compileReleaseUnitTestKotlin NO-SOURCE
> Task :feature-issue-link:compileReleaseUnitTestJavaWithJavac NO-SOURCE
> Task :feature-issue-link:processReleaseUnitTestJavaRes NO-SOURCE
> Task :feature-issue-link:testReleaseUnitTest NO-SOURCE
> Task :feature-issue-link:test UP-TO-DATE
> Task :feature-status:compileReleaseUnitTestKotlin NO-SOURCE
> Task :feature-status:compileReleaseUnitTestJavaWithJavac NO-SOURCE
> Task :feature-status:processReleaseUnitTestJavaRes NO-SOURCE
> Task :feature-status:testReleaseUnitTest NO-SOURCE
> Task :feature-status:test UP-TO-DATE
> Task :core-network:extractDebugAnnotations
> Task :core-network:mergeDebugGeneratedProguardFiles UP-TO-DATE
> Task :core-network:mergeDebugConsumerProguardFiles UP-TO-DATE
> Task :core-network:mergeDebugJavaResource
> Task :core-network:syncDebugLibJars
> Task :core-network:bundleDebugLocalLintAar
> Task :feature-chat:extractDebugAnnotations
> Task :feature-chat:mergeDebugGeneratedProguardFiles UP-TO-DATE
> Task :feature-chat:mergeDebugConsumerProguardFiles UP-TO-DATE
> Task :feature-chat:mergeDebugJavaResource UP-TO-DATE
> Task :feature-chat:syncDebugLibJars UP-TO-DATE
> Task :feature-chat:bundleDebugLocalLintAar UP-TO-DATE
> Task :core-network:createFullJarDebug
> Task :feature-chat:createFullJarDebug UP-TO-DATE
> Task :feature-chat:writeDebugLintModelMetadata UP-TO-DATE
> Task :feature-inbox:createFullJarDebug UP-TO-DATE
> Task :feature-inbox:writeDebugLintModelMetadata UP-TO-DATE
> Task :feature-issue-link:createFullJarDebug UP-TO-DATE
> Task :feature-issue-link:writeDebugLintModelMetadata UP-TO-DATE
> Task :feature-status:createFullJarDebug UP-TO-DATE
> Task :feature-status:writeDebugLintModelMetadata UP-TO-DATE
> Task :app:extractProguardFiles UP-TO-DATE
> Task :core-auth:extractProguardFiles UP-TO-DATE
> Task :core-model:extractProguardFiles UP-TO-DATE
> Task :core-model:generateDebugLintModel
> Task :core-network:extractProguardFiles UP-TO-DATE
> Task :core-network:generateDebugLintModel
> Task :feature-agents:extractProguardFiles UP-TO-DATE
> Task :feature-agents:generateDebugLintModel
> Task :feature-approval:extractProguardFiles UP-TO-DATE
> Task :feature-approval:generateDebugLintModel
> Task :feature-chat:extractProguardFiles UP-TO-DATE
> Task :feature-chat:generateDebugLintModel
> Task :feature-inbox:extractProguardFiles UP-TO-DATE
> Task :feature-inbox:generateDebugLintModel
> Task :feature-issue-link:extractProguardFiles UP-TO-DATE
> Task :feature-issue-link:generateDebugLintModel
> Task :feature-status:extractProguardFiles UP-TO-DATE
> Task :feature-status:generateDebugLintModel
> Task :core-network:compileReleaseKotlin
> Task :core-network:compileReleaseJavaWithJavac NO-SOURCE
> Task :core-network:bundleLibCompileToJarRelease
> Task :core-auth:compileDebugKotlin
> Task :core-auth:compileDebugJavaWithJavac NO-SOURCE
> Task :core-auth:bundleLibCompileToJarDebug
> Task :core-network:compileDebugUnitTestKotlin
> Task :core-auth:bundleLibRuntimeToJarDebug
> Task :core-model:lintAnalyzeDebug
> Task :core-auth:processDebugJavaRes
> Task :feature-chat:compileReleaseKotlin NO-SOURCE
> Task :feature-chat:compileReleaseJavaWithJavac NO-SOURCE
> Task :feature-chat:bundleLibCompileToJarRelease UP-TO-DATE
> Task :feature-chat:bundleLibRuntimeToJarRelease UP-TO-DATE
> Task :core-auth:bundleLibRuntimeToDirDebug
> Task :core-network:bundleLibRuntimeToJarRelease
> Task :core-network:processReleaseJavaRes
> Task :feature-chat:processReleaseJavaRes NO-SOURCE
> Task :app:mergeLibDexDebug
> Task :core-network:compileDebugUnitTestJavaWithJavac NO-SOURCE
> Task :core-network:processDebugUnitTestJavaRes
> Task :core-auth:compileReleaseKotlin
> Task :core-auth:compileDebugUnitTestKotlin
> Task :app:kaptGenerateStubsDebugKotlin
> Task :core-network:testDebugUnitTest
> Task :core-auth:compileReleaseJavaWithJavac NO-SOURCE
> Task :core-auth:bundleLibCompileToJarRelease
> Task :core-auth:bundleLibRuntimeToJarRelease
> Task :core-auth:processReleaseJavaRes
> Task :core-auth:compileDebugUnitTestJavaWithJavac NO-SOURCE
> Task :core-auth:processDebugUnitTestJavaRes
> Task :core-auth:testDebugUnitTest
> Task :app:kaptGenerateStubsReleaseKotlin
> Task :core-auth:compileReleaseUnitTestKotlin
> Task :core-auth:compileReleaseUnitTestJavaWithJavac NO-SOURCE
> Task :core-auth:processReleaseUnitTestJavaRes
> Task :app:kaptDebugKotlin
> Task :core-network:compileReleaseUnitTestKotlin
> Task :core-auth:testReleaseUnitTest
> Task :core-auth:test
> Task :core-network:compileReleaseUnitTestJavaWithJavac NO-SOURCE
> Task :core-network:processReleaseUnitTestJavaRes
> Task :app:kaptReleaseKotlin
> Task :core-network:testReleaseUnitTest
> Task :core-network:test
> Task :feature-chat:compileReleaseUnitTestKotlin NO-SOURCE
> Task :feature-chat:compileReleaseUnitTestJavaWithJavac NO-SOURCE
> Task :feature-chat:processReleaseUnitTestJavaRes NO-SOURCE
> Task :feature-chat:testReleaseUnitTest NO-SOURCE
> Task :feature-chat:test UP-TO-DATE
> Task :core-auth:extractDebugAnnotations
> Task :core-auth:mergeDebugGeneratedProguardFiles UP-TO-DATE
> Task :core-auth:mergeDebugConsumerProguardFiles UP-TO-DATE
> Task :core-auth:createFullJarDebug
> Task :core-auth:mergeDebugJavaResource
> Task :core-auth:generateDebugLintModel
> Task :core-auth:syncDebugLibJars
> Task :core-auth:bundleDebugLocalLintAar
> Task :feature-agents:lintAnalyzeDebug
> Task :feature-approval:lintAnalyzeDebug
> Task :core-network:lintAnalyzeDebug

> Task :app:compileDebugKotlin FAILED
e: file:///Users/benjamin/Workspace/chatty/android/app/src/main/java/ai/chatty/app/MainActivity.kt:89:48 This API is experimental and is likely to change in the future.

> Task :feature-inbox:lintAnalyzeDebug

> Task :app:compileReleaseKotlin FAILED
e: file:///Users/benjamin/Workspace/chatty/android/app/src/main/java/ai/chatty/app/MainActivity.kt:89:48 This API is experimental and is likely to change in the future.

> Task :core-auth:lintAnalyzeDebug

FAILURE: Build completed with 2 failures.

1: Task failed with an exception.
-----------
* What went wrong:
Execution failed for task ':app:compileDebugKotlin'.
> A failure occurred while executing org.jetbrains.kotlin.compilerRunner.GradleCompilerRunnerWithWorkers$GradleKotlinCompilerWorkAction
   > Compilation error. See log for more details

* Try:
> Run with --stacktrace option to get the stack trace.
> Run with --info or --debug option to get more log output.
> Run with --scan to get full insights.
> Get more help at https://help.gradle.org.
==============================================================================

2: Task failed with an exception.
-----------
* What went wrong:
Execution failed for task ':app:compileReleaseKotlin'.
> A failure occurred while executing org.jetbrains.kotlin.compilerRunner.GradleCompilerRunnerWithWorkers$GradleKotlinCompilerWorkAction
   > Compilation error. See log for more details

* Try:
> Run with --stacktrace option to get the stack trace.
> Run with --info or --debug option to get more log output.
> Run with --scan to get full insights.
> Get more help at https://help.gradle.org.
==============================================================================

BUILD FAILED in 10s
517 actionable tasks: 113 executed, 404 up-to-date
