> Task :core-model:checkKotlinGradlePluginConfigurationErrors
> Task :core-model:preBuild UP-TO-DATE
> Task :core-model:preDebugBuild UP-TO-DATE
> Task :core-model:generateDebugResValues UP-TO-DATE
> Task :core-model:generateDebugResources UP-TO-DATE
> Task :core-model:packageDebugResources UP-TO-DATE
> Task :core-model:parseDebugLocalResources UP-TO-DATE
> Task :core-model:generateDebugRFile UP-TO-DATE
> Task :core-model:compileDebugKotlin UP-TO-DATE
> Task :core-model:javaPreCompileDebug UP-TO-DATE
> Task :core-model:compileDebugJavaWithJavac NO-SOURCE
> Task :core-model:bundleLibRuntimeToJarDebug UP-TO-DATE
> Task :core-model:processDebugJavaRes UP-TO-DATE
> Task :core-model:bundleLibCompileToJarDebug UP-TO-DATE
> Task :core-network:checkKotlinGradlePluginConfigurationErrors
> Task :core-network:preBuild UP-TO-DATE
> Task :core-network:preDebugBuild UP-TO-DATE
> Task :core-network:generateDebugResValues UP-TO-DATE
> Task :core-network:generateDebugResources UP-TO-DATE
> Task :core-network:packageDebugResources UP-TO-DATE
> Task :core-network:parseDebugLocalResources UP-TO-DATE
> Task :core-network:generateDebugRFile UP-TO-DATE
> Task :core-network:compileDebugKotlin UP-TO-DATE
> Task :core-network:javaPreCompileDebug UP-TO-DATE
> Task :core-network:compileDebugJavaWithJavac NO-SOURCE
> Task :core-network:bundleLibRuntimeToJarDebug UP-TO-DATE
> Task :core-network:processDebugJavaRes UP-TO-DATE
> Task :core-ui:checkKotlinGradlePluginConfigurationErrors
> Task :core-ui:preBuild UP-TO-DATE
> Task :core-ui:preDebugBuild UP-TO-DATE
> Task :core-ui:generateDebugResValues UP-TO-DATE
> Task :core-ui:generateDebugResources UP-TO-DATE
> Task :core-ui:packageDebugResources UP-TO-DATE
> Task :core-ui:parseDebugLocalResources UP-TO-DATE
> Task :core-ui:generateDebugRFile UP-TO-DATE
> Task :core-ui:compileDebugKotlin UP-TO-DATE
> Task :core-ui:javaPreCompileDebug UP-TO-DATE
> Task :core-ui:compileDebugJavaWithJavac NO-SOURCE
> Task :core-ui:bundleLibRuntimeToJarDebug UP-TO-DATE
> Task :core-ui:processDebugJavaRes UP-TO-DATE
> Task :core-network:bundleLibCompileToJarDebug UP-TO-DATE
> Task :core-ui:bundleLibCompileToJarDebug UP-TO-DATE
> Task :feature-chat:checkKotlinGradlePluginConfigurationErrors
> Task :feature-chat:preBuild UP-TO-DATE
> Task :feature-chat:preDebugBuild UP-TO-DATE
> Task :feature-chat:generateDebugResValues UP-TO-DATE
> Task :feature-chat:generateDebugResources UP-TO-DATE
> Task :feature-chat:packageDebugResources UP-TO-DATE
> Task :feature-chat:parseDebugLocalResources UP-TO-DATE
> Task :feature-chat:generateDebugRFile UP-TO-DATE
> Task :feature-chat:compileDebugKotlin UP-TO-DATE
> Task :feature-chat:javaPreCompileDebug UP-TO-DATE
> Task :feature-chat:compileDebugJavaWithJavac NO-SOURCE
> Task :feature-chat:bundleLibRuntimeToJarDebug UP-TO-DATE
> Task :feature-chat:bundleLibCompileToJarDebug UP-TO-DATE
> Task :feature-chat:preDebugUnitTestBuild UP-TO-DATE
> Task :feature-chat:generateDebugUnitTestStubRFile UP-TO-DATE
> Task :feature-chat:javaPreCompileDebugUnitTest UP-TO-DATE
> Task :feature-chat:processDebugJavaRes UP-TO-DATE
> Task :feature-chat:compileDebugUnitTestKotlin
> Task :feature-chat:compileDebugUnitTestJavaWithJavac NO-SOURCE
> Task :feature-chat:processDebugUnitTestJavaRes UP-TO-DATE

> Task :feature-chat:testDebugUnitTest FAILED

ai.chatty.feature.chat.NavigationChatBoundaryTest > retainedChatRefreshRecognizesNewRuntimeBinding FAILED
    java.lang.AssertionError at NavigationChatBoundaryTest.kt:50

1 test completed, 1 failed

FAILURE: Build failed with an exception.

* What went wrong:
Execution failed for task ':feature-chat:testDebugUnitTest'.
> There were failing tests. See the report at: file:///Users/benjamin/Workspace/chatty/.tools/worktrees/android-navigation-continuity/android/feature-chat/build/reports/tests/testDebugUnitTest/index.html

* Try:
> Run with --scan to get full insights.

BUILD FAILED in 2s
49 actionable tasks: 6 executed, 43 up-to-date
